{"tool":"pest","result":"failed","tests":89,"passed":81,"assertions":155,"duration_ms":44643,"errors":8,"error_details":[{"test":"P\\Tests\\Feature\\Auth\\QrLoginTest::__pest_evaluable_it_starts_qr_session","file":"\\WebProjects\\Groepswerk3\\webshop-laravel\\vendor\\laravel\\framework\\src\\Illuminate\\Http\\Request.php","line":623,"message":"Session store not set on request."},{"test":"P\\Tests\\Feature\\Auth\\QrLoginTest::__pest_evaluable_it_hashes_the_qr_token_in_the_database","file":"\\WebProjects\\Groepswerk3\\webshop-laravel\\vendor\\laravel\\framework\\src\\Illuminate\\Http\\Request.php","line":623,"message":"Session store not set on request."},{"test":"P\\Tests\\Feature\\Auth\\QrLoginTest::__pest_evaluable_it_expires_qr_session_after_two_minutes","file":"\\WebProjects\\Groepswerk3\\webshop-laravel\\vendor\\laravel\\framework\\src\\Illuminate\\Http\\Request.php","line":623,"message":"Session store not set on request."},{"test":"P\\Tests\\Feature\\Auth\\QrLoginTest::__pest_evaluable_it_guest_cannot_scan_qr_code","file":"\\WebProjects\\Groepswerk3\\webshop-laravel\\vendor\\laravel\\framework\\src\\Illuminate\\Http\\Request.php","line":623,"message":"Session store not set on request."},{"test":"P\\Tests\\Feature\\Auth\\QrLoginTest::__pest_evaluable_it_authenticated_user_can_scan_qr_code","file":"\\WebProjects\\Groepswerk3\\webshop-laravel\\vendor\\laravel\\framework\\src\\Illuminate\\Http\\Request.php","line":623,"message":"Session store not set on request."},{"test":"P\\Tests\\Feature\\Auth\\QrLoginTest::__pest_evaluable_it_authenticated_user_can_confirm_qr_login","file":"\\WebProjects\\Groepswerk3\\webshop-laravel\\vendor\\laravel\\framework\\src\\Illuminate\\Http\\Request.php","line":623,"message":"Session store not set on request."},{"test":"P\\Tests\\Feature\\Auth\\QrLoginTest::__pest_evaluable_it_authenticated_user_can_deny_qr_login","file":"\\WebProjects\\Groepswerk3\\webshop-laravel\\vendor\\laravel\\framework\\src\\Illuminate\\Http\\Request.php","line":623,"message":"Session store not set on request."},{"test":"P\\Tests\\Feature\\Auth\\QrLoginTest::__pest_evaluable_it_desktop_can_consume_approved_token_and_redirect","file":"\\WebProjects\\Groepswerk3\\webshop-laravel\\vendor\\laravel\\framework\\src\\Illuminate\\Http\\Request.php","line":623,"message":"Session store not set on request."}]}
